#
# A fatal error has been detected by the Java Runtime Environment:
#
#  EXCEPTION_ACCESS_VIOLATION (0xc0000005) at pc=0x00007ffd44603633, pid=5416, tid=7452
#
# JRE version: Java(TM) SE Runtime Environment (21.0.8+12) (build 21.0.8+12-LTS-250)
# Java VM: Java HotSpot(TM) 64-Bit Server VM (21.0.8+12-LTS-250, mixed mode, sharing, tiered, compressed oops, compressed class ptrs, g1 gc, windows-amd64)
# Problematic frame:
# V  [jvm.dll+0x6e3633]
#
# No core dump will be written. Minidumps are not enabled by default on client versions of Windows
#
# If you would like to submit a bug report, please visit:
#   https://bugreport.java.com/bugreport/crash.jsp
#

---------------  S U M M A R Y ------------

Command Line: -javaagent:C:\Program Files\JetBrains\IntelliJ IDEA 2025.2.4\lib\idea_rt.jar=50557 -Dfile.encoding=UTF-8 -Dsun.stdout.encoding=UTF-8 -Dsun.stderr.encoding=UTF-8 com.cartotal.BackendProy.BackendProyApplication

Host: AMD Ryzen 5 4600G with Radeon Graphics, 12 cores, 7G,  Windows 11 , 64 bit Build 26100 (10.0.26100.7309)
Time: Mon Dec 15 20:32:34 2025 Hora est. Pacífico, Sudamérica elapsed time: 2.665327 seconds (0d 0h 0m 2s)

---------------  T H R E A D  ---------------

Current thread (0x000001a27a1d3bd0):  JavaThread "C2 CompilerThread1" daemon [_thread_in_native, id=7452, stack(0x00000077e8c00000,0x00000077e8d00000) (1024K)]


Current CompileTask:
C2:   2665 3688       4       org.springframework.core.ResolvableType::forType (112 bytes)

Stack: [0x00000077e8c00000,0x00000077e8d00000],  sp=0x00000077e8cfb6a0,  free space=1005k
Native frames: (J=compiled Java code, j=interpreted, Vv=VM code, C=native code)
V  [jvm.dll+0x6e3633]
V  [jvm.dll+0x6dfd59]
V  [jvm.dll+0x6de605]
V  [jvm.dll+0x6ddace]
V  [jvm.dll+0x6dbcec]
V  [jvm.dll+0x1caafc]
V  [jvm.dll+0x1cb67c]
V  [jvm.dll+0x2f12af]
V  [jvm.dll+0x6e63d8]
V  [jvm.dll+0x6de605]
V  [jvm.dll+0x6ddace]
V  [jvm.dll+0x6dbcec]
V  [jvm.dll+0x1caafc]
V  [jvm.dll+0x1cb67c]
V  [jvm.dll+0x2f12af]
V  [jvm.dll+0x6e63d8]
V  [jvm.dll+0x6de605]
V  [jvm.dll+0x6ddace]
V  [jvm.dll+0x6dbcec]
V  [jvm.dll+0x1caafc]
V  [jvm.dll+0x1cb67c]
V  [jvm.dll+0x2f12af]
V  [jvm.dll+0x6e63d8]
V  [jvm.dll+0x6de605]
V  [jvm.dll+0x6ddace]
V  [jvm.dll+0x6dbcec]
V  [jvm.dll+0x1caafc]
V  [jvm.dll+0x1cb67c]
V  [jvm.dll+0x2f12af]
V  [jvm.dll+0x6e63d8]
V  [jvm.dll+0x6de605]
V  [jvm.dll+0x6ddace]
V  [jvm.dll+0x6dbcec]
V  [jvm.dll+0x1caafc]
V  [jvm.dll+0x1cb67c]
V  [jvm.dll+0x2f12af]
V  [jvm.dll+0x6e63d8]
V  [jvm.dll+0x6de605]
V  [jvm.dll+0x6ddace]
V  [jvm.dll+0x6dbcec]
V  [jvm.dll+0x1caafc]
V  [jvm.dll+0x2467be]
V  [jvm.dll+0x1c7a3e]
V  [jvm.dll+0x256359]
V  [jvm.dll+0x2548ea]
V  [jvm.dll+0x3efef6]
V  [jvm.dll+0x80279b]
V  [jvm.dll+0x6ca85d]
C  [ucrtbase.dll+0x37b0]
C  [KERNEL32.DLL+0x2e8d7]
C  [ntdll.dll+0x8c53c]


siginfo: EXCEPTION_ACCESS_VIOLATION (0xc0000005), writing address 0x0000000027750275


Registers:
RAX=0x0000000000000fff, RBX=0x000000000000007d, RCX=0x000001a27b84a590, RDX=0x000001a2799fb908
RSP=0x00000077e8cfb6a0, RBP=0x0000000000000001, RSI=0x000001a27b08d098, RDI=0x0000000000000000
R8 =0x0000000000000008, R9 =0x00007ffd841f1a6a, R10=0x00007ffd841f0000, R11=0x0000000000000000
R12=0x0000000000000fc3, R13=0x0000000000000541, R14=0x0000000000000fc3, R15=0x000001a2799fb908
RIP=0x00007ffd44603633, EFLAGS=0x0000000000010206


Register to memory mapping:

RAX=0x0000000000000fff is an unknown value
RBX=0x000000000000007d is an unknown value
RCX=0x000001a27b84a590 points into unknown readable memory: 0x0000000000000000 | 00 00 00 00 00 00 00 00
RDX=0x000001a2799fb908 points into unknown readable memory: 0x00007ffd448e28d8 | d8 28 8e 44 fd 7f 00 00
RSP=0x00000077e8cfb6a0 is pointing into the stack for thread: 0x000001a27a1d3bd0
RBP=0x0000000000000001 is an unknown value
RSI=0x000001a27b08d098 points into unknown readable memory: 0x00000077e8cfe320 | 20 e3 cf e8 77 00 00 00
RDI=0x0 is null
R8 =0x0000000000000008 is an unknown value
R9 =0x00007ffd841f1a6a VCRUNTIME140.dll
R10=0x00007ffd841f0000 VCRUNTIME140.dll
R11=0x0 is null
R12=0x0000000000000fc3 is an unknown value
R13=0x0000000000000541 is an unknown value
R14=0x0000000000000fc3 is an unknown value
R15=0x000001a2799fb908 points into unknown readable memory: 0x00007ffd448e28d8 | d8 28 8e 44 fd 7f 00 00

Top of Stack: (sp=0x00000077e8cfb6a0)
0x00000077e8cfb6a0:   0000000000000000 00007ffd447359e1
0x00000077e8cfb6b0:   000001a2799fb908 00007ffd44188e9f
0x00000077e8cfb6c0:   00007ffd43f20000 00000077e8cfb930
0x00000077e8cfb6d0:   0000000000000070 000001a279fd7580
0x00000077e8cfb6e0:   00000077e8cfd740 00007ffd44615991
0x00000077e8cfb6f0:   000001a2799fb908 000000000000007d
0x00000077e8cfb700:   000001a27985dc88 00000077e8cfba38
0x00000077e8cfb710:   00007ffd43f20000 00007ffd4460361a
0x00000077e8cfb720:   000001a27985dc88 0000000000000000
0x00000077e8cfb730:   00000077e8cfba38 0000000000000021
0x00000077e8cfb740:   00000077e8cfba00 00007ffd445ffd59
0x00000077e8cfb750:   000001a27b62ac10 0000000000000000
0x00000077e8cfb760:   00000000e8010000 000001a2799fb898
0x00000077e8cfb770:   0000000000000001 0000000000000008
0x00000077e8cfb780:   0000000000000001 000000000000000d
0x00000077e8cfb790:   000000000000000c 000001a2797add20
0x00000077e8cfb7a0:   000000000000000c 000001a2797add20
0x00000077e8cfb7b0:   000001a27b62acb0 0000000000000000
0x00000077e8cfb7c0:   00000077e8cfb930 00007ffd445fe605
0x00000077e8cfb7d0:   0000000000000070 0000000000000000
0x00000077e8cfb7e0:   00000077e8cfba38 00007ffd44615470
0x00000077e8cfb7f0:   000001a279020c00 00000077e8cfd740
0x00000077e8cfb800:   0000000000000230 0000000000000007
0x00000077e8cfb810:   00000077e8cfb930 00007ffd445fdace
0x00000077e8cfb820:   000001a27b62acb0 0000000000000000
0x00000077e8cfb830:   0000000000000100 000001a27b62acb0
0x00000077e8cfb840:   000001a279fd7580 0000000000002507
0x00000077e8cfb850:   000001a2799faee0 0000000000000108
0x00000077e8cfb860:   0000000000000000 0000000000000000
0x00000077e8cfb870:   0000000000000000 000001a2799fae08
0x00000077e8cfb880:   00000077e8cfb930 0000000000000000
0x00000077e8cfb890:   000001a27b62aad0 00007ffd445fbcec 

Instructions: (pc=0x00007ffd44603633)
0x00007ffd44603533:   4e 20 ba 03 00 00 00 e8 c1 ff 00 00 e9 ca 16 00
0x00007ffd44603543:   00 49 8b 4e 20 ba 04 00 00 00 e8 ae ff 00 00 e9
0x00007ffd44603553:   b7 16 00 00 49 8b 4e 20 ba 05 00 00 00 e8 9b ff
0x00007ffd44603563:   00 00 e9 a4 16 00 00 49 8d 8e 08 01 00 00 e8 3a
0x00007ffd44603573:   3b 00 00 49 8b 4e 20 8b d0 e8 7f ff 00 00 e9 88
0x00007ffd44603583:   16 00 00 49 8d 8e 08 01 00 00 33 d2 e8 5c 3b 00
0x00007ffd44603593:   00 49 8b 4e 20 8b d0 e8 61 ff 00 00 e9 6a 16 00
0x00007ffd446035a3:   00 49 8b 4e 20 ba 0c 00 00 00 e8 9e 25 01 00 e9
0x00007ffd446035b3:   57 16 00 00 48 8d 54 24 70 49 8d 8e 08 01 00 00
0x00007ffd446035c3:   e8 a8 f6 b1 ff 48 8d 4c 24 70 e8 2e 26 b0 ff 84
0x00007ffd446035d3:   c0 0f 84 9f 00 00 00 0f 28 44 24 70 48 8d 8c 24
0x00007ffd446035e3:   80 00 00 00 45 33 c9 66 0f 7f 84 24 80 00 00 00
0x00007ffd446035f3:   45 33 c0 40 88 6c 24 20 33 d2 e8 6e 4c 13 00 48
0x00007ffd44603603:   8b d8 48 85 c0 0f 84 07 29 00 00 49 8b 4e 20 48
0x00007ffd44603613:   8b d0 e8 96 00 01 00 48 63 4b 10 4c 8b c8 48 c1
0x00007ffd44603623:   e1 05 48 63 8c 39 94 fc bc 00 8b 84 8f 00 11 bc
0x00007ffd44603633:   00 83 f8 01 75 27 45 8b 46 50 41 8d 48 01 41 89
0x00007ffd44603643:   4e 50 49 8b 4e 28 48 8b 41 38 8b 50 10 41 03 d0
0x00007ffd44603653:   4d 8b c1 e8 a5 86 9a ff e9 b5 28 00 00 83 f8 02
0x00007ffd44603663:   0f 85 ac 28 00 00 49 8b d1 49 8b ce e8 4c 8c ae
0x00007ffd44603673:   ff e9 9c 28 00 00 49 8d 8e 08 01 00 00 e8 3b f8
0x00007ffd44603683:   b1 ff 44 8b c0 48 8d 94 24 b0 00 00 00 49 8d 8e
0x00007ffd44603693:   08 01 00 00 e8 e4 f9 b1 ff 0f b6 84 24 b0 00 00
0x00007ffd446036a3:   00 2c 67 3c 03 77 25 45 33 c0 40 88 6c 24 28 4c
0x00007ffd446036b3:   8d 0d 87 3a 35 00 c6 44 24 20 01 49 8b ce 41 8d
0x00007ffd446036c3:   50 97 e8 16 ab cb ff e9 46 28 00 00 49 8d 8e 08
0x00007ffd446036d3:   01 00 00 e8 e5 f7 b1 ff 83 f8 ff 40 88 6c 24 28
0x00007ffd446036e3:   ba b5 ff ff ff 40 88 6c 24 20 0f 45 d0 4c 8d 0d
0x00007ffd446036f3:   61 3a 35 00 45 33 c0 49 8b ce e8 de aa cb ff e9
0x00007ffd44603703:   0e 28 00 00 49 8b 4e 28 48 8b 41 38 8b 50 0c 48
0x00007ffd44603713:   8b 41 08 4c 8b 04 d0 45 8b 4e 50 41 8d 41 01 41
0x00007ffd44603723:   89 46 50 48 8b 41 38 8b 50 10 41 03 d1 e8 cb 85 


Stack slot to memory mapping:

stack at sp + 0 slots: 0x0 is null
stack at sp + 1 slots: 0x00007ffd447359e1 jvm.dll
stack at sp + 2 slots: 0x000001a2799fb908 points into unknown readable memory: 0x00007ffd448e28d8 | d8 28 8e 44 fd 7f 00 00
stack at sp + 3 slots: 0x00007ffd44188e9f jvm.dll
stack at sp + 4 slots: 0x00007ffd43f20000 jvm.dll
stack at sp + 5 slots: 0x00000077e8cfb930 is pointing into the stack for thread: 0x000001a27a1d3bd0
stack at sp + 6 slots: 0x0000000000000070 is an unknown value
stack at sp + 7 slots: 0x000001a279fd7580 points into unknown readable memory: 0x000001a27a05c550 | 50 c5 05 7a a2 01 00 00


---------------  P R O C E S S  ---------------

Threads class SMR info:
_java_thread_list=0x000001a27a770d10, length=16, elements={
0x000001a214f1c590, 0x000001a233e25010, 0x000001a233e25670, 0x000001a233e26540,
0x000001a233e26cd0, 0x000001a233e2daf0, 0x000001a233e31c10, 0x000001a233e3afc0,
0x000001a233e3d8d0, 0x000001a233defa70, 0x000001a2793fc5c0, 0x000001a2795762f0,
0x000001a279778c00, 0x000001a2799a1e10, 0x000001a27a1d3bd0, 0x000001a27b222390
}

Java Threads: ( => current thread )
  0x000001a214f1c590 JavaThread "main"                              [_thread_blocked, id=12084, stack(0x00000077e6d00000,0x00000077e6e00000) (1024K)]
  0x000001a233e25010 JavaThread "Reference Handler"          daemon [_thread_blocked, id=11452, stack(0x00000077e7500000,0x00000077e7600000) (1024K)]
  0x000001a233e25670 JavaThread "Finalizer"                  daemon [_thread_blocked, id=4976, stack(0x00000077e7600000,0x00000077e7700000) (1024K)]
  0x000001a233e26540 JavaThread "Signal Dispatcher"          daemon [_thread_blocked, id=10652, stack(0x00000077e7700000,0x00000077e7800000) (1024K)]
  0x000001a233e26cd0 JavaThread "Attach Listener"            daemon [_thread_blocked, id=2244, stack(0x00000077e7800000,0x00000077e7900000) (1024K)]
  0x000001a233e2daf0 JavaThread "Service Thread"             daemon [_thread_blocked, id=1744, stack(0x00000077e7900000,0x00000077e7a00000) (1024K)]
  0x000001a233e31c10 JavaThread "Monitor Deflation Thread"   daemon [_thread_blocked, id=13464, stack(0x00000077e7a00000,0x00000077e7b00000) (1024K)]
  0x000001a233e3afc0 JavaThread "C2 CompilerThread0"         daemon [_thread_in_native, id=6572, stack(0x00000077e7b00000,0x00000077e7c00000) (1024K)]
  0x000001a233e3d8d0 JavaThread "C1 CompilerThread0"         daemon [_thread_blocked, id=1212, stack(0x00000077e7c00000,0x00000077e7d00000) (1024K)]
  0x000001a233defa70 JavaThread "Common-Cleaner"             daemon [_thread_blocked, id=11336, stack(0x00000077e7d00000,0x00000077e7e00000) (1024K)]
  0x000001a2793fc5c0 JavaThread "Monitor Ctrl-Break"         daemon [_thread_in_native, id=13548, stack(0x00000077e7f00000,0x00000077e8000000) (1024K)]
  0x000001a2795762f0 JavaThread "Notification Thread"        daemon [_thread_blocked, id=15320, stack(0x00000077e8000000,0x00000077e8100000) (1024K)]
  0x000001a279778c00 JavaThread "Thread-0"                          [_thread_blocked, id=13232, stack(0x00000077e8100000,0x00000077e8200000) (1024K)]
  0x000001a2799a1e10 JavaThread "restartedMain"                     [_thread_in_Java, id=7732, stack(0x00000077e8200000,0x00000077e8300000) (1024K)]
=>0x000001a27a1d3bd0 JavaThread "C2 CompilerThread1"         daemon [_thread_in_native, id=7452, stack(0x00000077e8c00000,0x00000077e8d00000) (1024K)]
  0x000001a27b222390 JavaThread "C2 CompilerThread2"         daemon [_thread_in_native, id=2432, stack(0x00000077e8d00000,0x00000077e8e00000) (1024K)]
Total: 16

Other Threads:
  0x000001a233e07e40 VMThread "VM Thread"                           [id=3912, stack(0x00000077e7400000,0x00000077e7500000) (1024K)]
  0x000001a233def1d0 WatcherThread "VM Periodic Task Thread"        [id=1768, stack(0x00000077e7300000,0x00000077e7400000) (1024K)]
  0x000001a2173518e0 WorkerThread "GC Thread#0"                     [id=4604, stack(0x00000077e6e00000,0x00000077e6f00000) (1024K)]
  0x000001a279ad7720 WorkerThread "GC Thread#1"                     [id=7188, stack(0x00000077e8300000,0x00000077e8400000) (1024K)]
  0x000001a279ad7ac0 WorkerThread "GC Thread#2"                     [id=3408, stack(0x00000077e8400000,0x00000077e8500000) (1024K)]
  0x000001a279ad7e60 WorkerThread "GC Thread#3"                     [id=4884, stack(0x00000077e8500000,0x00000077e8600000) (1024K)]
  0x000001a279ad8200 WorkerThread "GC Thread#4"                     [id=14136, stack(0x00000077e8600000,0x00000077e8700000) (1024K)]
  0x000001a279b4edb0 WorkerThread "GC Thread#5"                     [id=3060, stack(0x00000077e8700000,0x00000077e8800000) (1024K)]
  0x000001a27a020980 WorkerThread "GC Thread#6"                     [id=9124, stack(0x00000077e8800000,0x00000077e8900000) (1024K)]
  0x000001a27a005480 WorkerThread "GC Thread#7"                     [id=7468, stack(0x00000077e8900000,0x00000077e8a00000) (1024K)]
  0x000001a27a004d40 WorkerThread "GC Thread#8"                     [id=11156, stack(0x00000077e8a00000,0x00000077e8b00000) (1024K)]
  0x000001a27a0050e0 WorkerThread "GC Thread#9"                     [id=10800, stack(0x00000077e8b00000,0x00000077e8c00000) (1024K)]
  0x000001a217361aa0 ConcurrentGCThread "G1 Main Marker"            [id=4912, stack(0x00000077e6f00000,0x00000077e7000000) (1024K)]
  0x000001a2173660f0 WorkerThread "G1 Conc#0"                       [id=11948, stack(0x00000077e7000000,0x00000077e7100000) (1024K)]
  0x000001a27a005f60 WorkerThread "G1 Conc#1"                       [id=380, stack(0x00000077e8e00000,0x00000077e8f00000) (1024K)]
  0x000001a27a005820 WorkerThread "G1 Conc#2"                       [id=11032, stack(0x00000077e8f00000,0x00000077e9000000) (1024K)]
  0x000001a233cbd2c0 ConcurrentGCThread "G1 Refine#0"               [id=1364, stack(0x00000077e7100000,0x00000077e7200000) (1024K)]
  0x000001a233cbd6f0 ConcurrentGCThread "G1 Service"                [id=4692, stack(0x00000077e7200000,0x00000077e7300000) (1024K)]
Total: 18

Threads with active compile tasks:
C2 CompilerThread0     2724 3659       4       org.springframework.core.ResolvableType::resolveType (143 bytes)
C1 CompilerThread0     2724 3748       3       org.springframework.core.annotation.AnnotationTypeMappings::forAnnotationType (14 bytes)
C2 CompilerThread1     2724 3688       4       org.springframework.core.ResolvableType::forType (112 bytes)
C2 CompilerThread2     2724 3736       4       org.springframework.beans.factory.support.AbstractBeanFactory::isTypeMatch (745 bytes)
Total: 4

VM state: not at safepoint (normal execution)

VM Mutex/Monitor currently owned by a thread: None

Heap address: 0x000000008aa00000, size: 1878 MB, Compressed Oops mode: 32-bit

CDS archive(s) mapped at: [0x000001a234000000-0x000001a234c90000-0x000001a234c90000), size 13172736, SharedBaseAddress: 0x000001a234000000, ArchiveRelocationMode: 1.
Compressed class space mapped at: 0x000001a235000000-0x000001a275000000, reserved size: 1073741824
Narrow klass base: 0x000001a234000000, Narrow klass shift: 0, Narrow klass range: 0x100000000

GC Precious Log:
 CardTable entry size: 512
 Card Set container configuration: InlinePtr #cards 5 size 8 Array Of Cards #cards 12 size 40 Howl #buckets 4 coarsen threshold 1843 Howl Bitmap #cards 512 size 80 coarsen threshold 460 Card regions per heap region 1 cards per card region 2048
 CPUs: 12 total, 12 available
 Memory: 7511M
 Large Page Support: Disabled
 NUMA Support: Disabled
 Compressed Oops: Enabled (32-bit)
 Heap Region Size: 1M
 Heap Min Capacity: 8M
 Heap Initial Capacity: 118M
 Heap Max Capacity: 1878M
 Pre-touch: Disabled
 Parallel Workers: 10
 Concurrent Workers: 3
 Concurrent Refinement Workers: 10
 Periodic GC: Disabled

Heap:
 garbage-first heap   total 55296K, used 28135K [0x000000008aa00000, 0x0000000100000000)
  region size 1024K, 16 young (16384K), 3 survivors (3072K)
 Metaspace       used 25705K, committed 26176K, reserved 1114112K
  class space    used 3248K, committed 3456K, reserved 1048576K

Heap Regions: E=young(eden), S=young(survivor), O=old, HS=humongous(starts), HC=humongous(continues), CS=collection set, F=free, TAMS=top-at-mark-start, PB=parsable bottom
|   0|0x000000008aa00000, 0x000000008ab00000, 0x000000008ab00000|100%|HS|  |TAMS 0x000000008aa00000| PB 0x000000008aa00000| Complete 
|   1|0x000000008ab00000, 0x000000008ac00000, 0x000000008ac00000|100%|HS|  |TAMS 0x000000008ab00000| PB 0x000000008ab00000| Complete 
|   2|0x000000008ac00000, 0x000000008ad00000, 0x000000008ad00000|100%| O|  |TAMS 0x000000008ac00000| PB 0x000000008ac00000| Untracked 
|   3|0x000000008ad00000, 0x000000008ae00000, 0x000000008ae00000|100%| O|  |TAMS 0x000000008ad00000| PB 0x000000008ad00000| Untracked 
|   4|0x000000008ae00000, 0x000000008af00000, 0x000000008af00000|100%| O|  |TAMS 0x000000008ae00000| PB 0x000000008ae00000| Untracked 
|   5|0x000000008af00000, 0x000000008b000000, 0x000000008b000000|100%| O|  |TAMS 0x000000008af00000| PB 0x000000008af00000| Untracked 
|   6|0x000000008b000000, 0x000000008b100000, 0x000000008b100000|100%| O|  |TAMS 0x000000008b000000| PB 0x000000008b000000| Untracked 
|   7|0x000000008b100000, 0x000000008b19d900, 0x000000008b200000| 61%| O|Cm|TAMS 0x000000008b100000| PB 0x000000008b100000| Complete 
|   8|0x000000008b200000, 0x000000008b300000, 0x000000008b300000|100%| O|  |TAMS 0x000000008b200000| PB 0x000000008b200000| Untracked 
|   9|0x000000008b300000, 0x000000008b400000, 0x000000008b400000|100%| O|  |TAMS 0x000000008b300000| PB 0x000000008b300000| Untracked 
|  10|0x000000008b400000, 0x000000008b500000, 0x000000008b500000|100%| O|  |TAMS 0x000000008b400000| PB 0x000000008b400000| Untracked 
|  11|0x000000008b500000, 0x000000008b600000, 0x000000008b600000|100%| O|  |TAMS 0x000000008b500000| PB 0x000000008b500000| Untracked 
|  12|0x000000008b600000, 0x000000008b700000, 0x000000008b700000|100%| O|  |TAMS 0x000000008b600000| PB 0x000000008b600000| Untracked 
|  13|0x000000008b700000, 0x000000008b797ff8, 0x000000008b800000| 59%| O|  |TAMS 0x000000008b700000| PB 0x000000008b700000| Untracked 
|  14|0x000000008b800000, 0x000000008b800000, 0x000000008b900000|  0%| F|  |TAMS 0x000000008b800000| PB 0x000000008b800000| Untracked 
|  15|0x000000008b900000, 0x000000008b900000, 0x000000008ba00000|  0%| F|  |TAMS 0x000000008b900000| PB 0x000000008b900000| Untracked 
|  16|0x000000008ba00000, 0x000000008ba00000, 0x000000008bb00000|  0%| F|  |TAMS 0x000000008ba00000| PB 0x000000008ba00000| Untracked 
|  17|0x000000008bb00000, 0x000000008bb00000, 0x000000008bc00000|  0%| F|  |TAMS 0x000000008bb00000| PB 0x000000008bb00000| Untracked 
|  18|0x000000008bc00000, 0x000000008bc00000, 0x000000008bd00000|  0%| F|  |TAMS 0x000000008bc00000| PB 0x000000008bc00000| Untracked 
|  19|0x000000008bd00000, 0x000000008bd443a0, 0x000000008be00000| 26%| S|CS|TAMS 0x000000008bd00000| PB 0x000000008bd00000| Complete 
|  20|0x000000008be00000, 0x000000008bf00000, 0x000000008bf00000|100%| S|CS|TAMS 0x000000008be00000| PB 0x000000008be00000| Complete 
|  21|0x000000008bf00000, 0x000000008c000000, 0x000000008c000000|100%| S|CS|TAMS 0x000000008bf00000| PB 0x000000008bf00000| Complete 
|  22|0x000000008c000000, 0x000000008c000000, 0x000000008c100000|  0%| F|  |TAMS 0x000000008c000000| PB 0x000000008c000000| Untracked 
|  23|0x000000008c100000, 0x000000008c100000, 0x000000008c200000|  0%| F|  |TAMS 0x000000008c100000| PB 0x000000008c100000| Untracked 
|  24|0x000000008c200000, 0x000000008c200000, 0x000000008c300000|  0%| F|  |TAMS 0x000000008c200000| PB 0x000000008c200000| Untracked 
|  25|0x000000008c300000, 0x000000008c300000, 0x000000008c400000|  0%| F|  |TAMS 0x000000008c300000| PB 0x000000008c300000| Untracked 
|  26|0x000000008c400000, 0x000000008c400000, 0x000000008c500000|  0%| F|  |TAMS 0x000000008c400000| PB 0x000000008c400000| Untracked 
|  27|0x000000008c500000, 0x000000008c500000, 0x000000008c600000|  0%| F|  |TAMS 0x000000008c500000| PB 0x000000008c500000| Untracked 
|  28|0x000000008c600000, 0x000000008c600000, 0x000000008c700000|  0%| F|  |TAMS 0x000000008c600000| PB 0x000000008c600000| Untracked 
|  29|0x000000008c700000, 0x000000008c700000, 0x000000008c800000|  0%| F|  |TAMS 0x000000008c700000| PB 0x000000008c700000| Untracked 
|  30|0x000000008c800000, 0x000000008c800000, 0x000000008c900000|  0%| F|  |TAMS 0x000000008c800000| PB 0x000000008c800000| Untracked 
|  31|0x000000008c900000, 0x000000008c900000, 0x000000008ca00000|  0%| F|  |TAMS 0x000000008c900000| PB 0x000000008c900000| Untracked 
|  32|0x000000008ca00000, 0x000000008ca00000, 0x000000008cb00000|  0%| F|  |TAMS 0x000000008ca00000| PB 0x000000008ca00000| Untracked 
|  33|0x000000008cb00000, 0x000000008cb00000, 0x000000008cc00000|  0%| F|  |TAMS 0x000000008cb00000| PB 0x000000008cb00000| Untracked 
|  34|0x000000008cc00000, 0x000000008cc00000, 0x000000008cd00000|  0%| F|  |TAMS 0x000000008cc00000| PB 0x000000008cc00000| Untracked 
|  35|0x000000008cd00000, 0x000000008cd00000, 0x000000008ce00000|  0%| F|  |TAMS 0x000000008cd00000| PB 0x000000008cd00000| Untracked 
|  36|0x000000008ce00000, 0x000000008ce00000, 0x000000008cf00000|  0%| F|  |TAMS 0x000000008ce00000| PB 0x000000008ce00000| Untracked 
|  37|0x000000008cf00000, 0x000000008cf00000, 0x000000008d000000|  0%| F|  |TAMS 0x000000008cf00000| PB 0x000000008cf00000| Untracked 
|  38|0x000000008d000000, 0x000000008d000000, 0x000000008d100000|  0%| F|  |TAMS 0x000000008d000000| PB 0x000000008d000000| Untracked 
|  39|0x000000008d100000, 0x000000008d100000, 0x000000008d200000|  0%| F|  |TAMS 0x000000008d100000| PB 0x000000008d100000| Untracked 
|  40|0x000000008d200000, 0x000000008d200000, 0x000000008d300000|  0%| F|  |TAMS 0x000000008d200000| PB 0x000000008d200000| Untracked 
|  41|0x000000008d300000, 0x000000008d3d5f78, 0x000000008d400000| 83%| E|  |TAMS 0x000000008d300000| PB 0x000000008d300000| Complete 
|  42|0x000000008d400000, 0x000000008d500000, 0x000000008d500000|100%| E|CS|TAMS 0x000000008d400000| PB 0x000000008d400000| Complete 
|  43|0x000000008d500000, 0x000000008d600000, 0x000000008d600000|100%| E|CS|TAMS 0x000000008d500000| PB 0x000000008d500000| Complete 
|  44|0x000000008d600000, 0x000000008d700000, 0x000000008d700000|100%| E|CS|TAMS 0x000000008d600000| PB 0x000000008d600000| Complete 
|  45|0x000000008d700000, 0x000000008d800000, 0x000000008d800000|100%| E|CS|TAMS 0x000000008d700000| PB 0x000000008d700000| Complete 
|  76|0x000000008f600000, 0x000000008f700000, 0x000000008f700000|100%| E|CS|TAMS 0x000000008f600000| PB 0x000000008f600000| Complete 
|  77|0x000000008f700000, 0x000000008f800000, 0x000000008f800000|100%| E|CS|TAMS 0x000000008f700000| PB 0x000000008f700000| Complete 
|  78|0x000000008f800000, 0x000000008f900000, 0x000000008f900000|100%| E|CS|TAMS 0x000000008f800000| PB 0x000000008f800000| Complete 
|  79|0x000000008f900000, 0x000000008fa00000, 0x000000008fa00000|100%| E|CS|TAMS 0x000000008f900000| PB 0x000000008f900000| Complete 
|  80|0x000000008fa00000, 0x000000008fb00000, 0x000000008fb00000|100%| E|CS|TAMS 0x000000008fa00000| PB 0x000000008fa00000| Complete 
|  81|0x000000008fb00000, 0x000000008fc00000, 0x000000008fc00000|100%| E|CS|TAMS 0x000000008fb00000| PB 0x000000008fb00000| Complete 
| 116|0x0000000091e00000, 0x0000000091f00000, 0x0000000091f00000|100%| E|CS|TAMS 0x0000000091e00000| PB 0x0000000091e00000| Complete 
| 117|0x0000000091f00000, 0x0000000092000000, 0x0000000092000000|100%| E|CS|TAMS 0x0000000091f00000| PB 0x0000000091f00000| Complete 

Card table byte_map: [0x000001a22f0a0000,0x000001a22f450000] _byte_map_base: 0x000001a22ec4b000

Marking Bits: (CMBitMap*) 0x000001a217351ef0
 Bits: [0x000001a22f450000, 0x000001a2311a8000)

Polling page: 0x000001a215210000

Metaspace:

Usage:
  Non-class:     21.93 MB used.
      Class:      3.17 MB used.
       Both:     25.11 MB used.

Virtual space:
  Non-class space:       64.00 MB reserved,      22.19 MB ( 35%) committed,  1 nodes.
      Class space:        1.00 GB reserved,       3.38 MB ( <1%) committed,  1 nodes.
             Both:        1.06 GB reserved,      25.56 MB (  2%) committed. 

Chunk freelists:
   Non-Class:  9.72 MB
       Class:  12.48 MB
        Both:  22.20 MB

MaxMetaspaceSize: unlimited
CompressedClassSpaceSize: 1.00 GB
Initial GC threshold: 21.00 MB
Current GC threshold: 35.25 MB
CDS: on
 - commit_granule_bytes: 65536.
 - commit_granule_words: 8192.
 - virtual_space_node_default_size: 8388608.
 - enlarge_chunks_in_place: 1.
 - use_allocation_guard: 0.


Internal statistics:

num_allocs_failed_limit: 3.
num_arena_births: 460.
num_arena_deaths: 0.
num_vsnodes_births: 2.
num_vsnodes_deaths: 0.
num_space_committed: 409.
num_space_uncommitted: 0.
num_chunks_returned_to_freelist: 3.
num_chunks_taken_from_freelist: 1379.
num_chunk_merges: 3.
num_chunk_splits: 938.
num_chunks_enlarged: 667.
num_inconsistent_stats: 0.

CodeHeap 'non-profiled nmethods': size=120000Kb used=1783Kb max_used=1783Kb free=118216Kb
 bounds [0x000001a227260000, 0x000001a2274d0000, 0x000001a22e790000]
CodeHeap 'profiled nmethods': size=120000Kb used=7666Kb max_used=7666Kb free=112333Kb
 bounds [0x000001a21f790000, 0x000001a21ff10000, 0x000001a226cc0000]
CodeHeap 'non-nmethods': size=5760Kb used=1458Kb max_used=1515Kb free=4302Kb
 bounds [0x000001a226cc0000, 0x000001a226f30000, 0x000001a227260000]
 total_blobs=4287 nmethods=3744 adapters=446
 compilation: enabled
              stopped_count=0, restarted_count=0
 full_count=0

Compilation events (20 events):
Event: 2.648 Thread 0x000001a27b222390 3695       4       jdk.internal.org.objectweb.asm.Frame::pop (42 bytes)
Event: 2.648 Thread 0x000001a233e3d8d0 nmethod 3694 0x000001a21fec4c10 code [0x000001a21fec4de0, 0x000001a21fec5080]
Event: 2.649 Thread 0x000001a27b222390 nmethod 3695 0x000001a227417590 code [0x000001a227417720, 0x000001a227417818]
Event: 2.649 Thread 0x000001a27b222390 3696       4       org.springframework.core.SerializableTypeWrapper::unwrap (36 bytes)
Event: 2.649 Thread 0x000001a233e3d8d0 3697       3       org.springframework.core.SerializableTypeWrapper$MethodParameterTypeProvider::getType (8 bytes)
Event: 2.650 Thread 0x000001a233e3d8d0 nmethod 3697 0x000001a21fec5190 code [0x000001a21fec5340, 0x000001a21fec5510]
Event: 2.650 Thread 0x000001a233e3d8d0 3698       3       org.springframework.core.MethodParameter::getGenericParameterType (147 bytes)
Event: 2.650 Thread 0x000001a27b222390 nmethod 3696 0x000001a227417910 code [0x000001a227417ac0, 0x000001a227417c40]
Event: 2.650 Thread 0x000001a27b222390 3699       4       java.lang.reflect.Modifier::isProtected (12 bytes)
Event: 2.650 Thread 0x000001a27b222390 nmethod 3699 0x000001a227417d90 code [0x000001a227417f00, 0x000001a227417f70]
Event: 2.651 Thread 0x000001a233e3d8d0 nmethod 3698 0x000001a21fec5610 code [0x000001a21fec59e0, 0x000001a21fec79c0]
Event: 2.651 Thread 0x000001a233e3d8d0 3700       3       org.springframework.core.SerializableTypeWrapper::forTypeProvider (178 bytes)
Event: 2.651 Thread 0x000001a27b222390 3706       4       java.lang.ref.Reference::refersTo (6 bytes)
Event: 2.651 Thread 0x000001a27b222390 nmethod 3706 0x000001a227418090 code [0x000001a227418220, 0x000001a2274182d0]
Event: 2.651 Thread 0x000001a27b222390 3707       4       java.lang.ref.Reference::refersToImpl (6 bytes)
Event: 2.651 Thread 0x000001a233e3d8d0 nmethod 3700 0x000001a21fec8290 code [0x000001a21fec85c0, 0x000001a21fec9a30]
Event: 2.651 Thread 0x000001a233e3d8d0 3705       3       org.springframework.core.SerializableTypeWrapper$TypeProxyInvocationHandler::invoke (364 bytes)
Event: 2.652 Thread 0x000001a27b222390 nmethod 3707 0x000001a227418390 code [0x000001a227418520, 0x000001a2274185b8]
Event: 2.652 Thread 0x000001a27b222390 3710       4       org.springframework.util.ConcurrentReferenceHashMap::purgeUnreferencedEntries (33 bytes)
Event: 2.654 Thread 0x000001a233e3d8d0 nmethod 3705 0x000001a21feca090 code [0x000001a21feca620, 0x000001a21fecd1b8]

GC Heap History (8 events):
Event: 0.716 GC heap before
{Heap before GC invocations=0 (full 0):
 garbage-first heap   total 120832K, used 24576K [0x000000008aa00000, 0x0000000100000000)
  region size 1024K, 23 young (23552K), 0 survivors (0K)
 Metaspace       used 5231K, committed 5504K, reserved 1114112K
  class space    used 588K, committed 704K, reserved 1048576K
}
Event: 0.720 GC heap after
{Heap after GC invocations=1 (full 0):
 garbage-first heap   total 120832K, used 7904K [0x000000008aa00000, 0x0000000100000000)
  region size 1024K, 3 young (3072K), 3 survivors (3072K)
 Metaspace       used 5231K, committed 5504K, reserved 1114112K
  class space    used 588K, committed 704K, reserved 1048576K
}
Event: 1.329 GC heap before
{Heap before GC invocations=1 (full 0):
 garbage-first heap   total 120832K, used 37600K [0x000000008aa00000, 0x0000000100000000)
  region size 1024K, 33 young (33792K), 3 survivors (3072K)
 Metaspace       used 13254K, committed 13568K, reserved 1114112K
  class space    used 1779K, committed 1920K, reserved 1048576K
}
Event: 1.333 GC heap after
{Heap after GC invocations=2 (full 0):
 garbage-first heap   total 120832K, used 10537K [0x000000008aa00000, 0x0000000100000000)
  region size 1024K, 3 young (3072K), 3 survivors (3072K)
 Metaspace       used 13254K, committed 13568K, reserved 1114112K
  class space    used 1779K, committed 1920K, reserved 1048576K
}
Event: 1.922 GC heap before
{Heap before GC invocations=2 (full 0):
 garbage-first heap   total 120832K, used 42281K [0x000000008aa00000, 0x0000000100000000)
  region size 1024K, 36 young (36864K), 3 survivors (3072K)
 Metaspace       used 21159K, committed 21504K, reserved 1114112K
  class space    used 2668K, committed 2816K, reserved 1048576K
}
Event: 1.926 GC heap after
{Heap after GC invocations=3 (full 0):
 garbage-first heap   total 120832K, used 13942K [0x000000008aa00000, 0x0000000100000000)
  region size 1024K, 6 young (6144K), 6 survivors (6144K)
 Metaspace       used 21159K, committed 21504K, reserved 1114112K
  class space    used 2668K, committed 2816K, reserved 1048576K
}
Event: 2.408 GC heap before
{Heap before GC invocations=4 (full 0):
 garbage-first heap   total 55296K, used 40566K [0x000000008aa00000, 0x0000000100000000)
  region size 1024K, 32 young (32768K), 6 survivors (6144K)
 Metaspace       used 23899K, committed 24320K, reserved 1114112K
  class space    used 2998K, committed 3200K, reserved 1048576K
}
Event: 2.413 GC heap after
{Heap after GC invocations=5 (full 0):
 garbage-first heap   total 55296K, used 15847K [0x000000008aa00000, 0x0000000100000000)
  region size 1024K, 3 young (3072K), 3 survivors (3072K)
 Metaspace       used 23899K, committed 24320K, reserved 1114112K
  class space    used 2998K, committed 3200K, reserved 1048576K
}

Dll operation events (12 events):
Event: 0.010 Loaded shared library C:\Program Files\Java\jdk-21\bin\java.dll
Event: 0.040 Loaded shared library C:\Program Files\Java\jdk-21\bin\jsvml.dll
Event: 0.105 Loaded shared library C:\Program Files\Java\jdk-21\bin\zip.dll
Event: 0.109 Loaded shared library C:\Program Files\Java\jdk-21\bin\instrument.dll
Event: 0.114 Loaded shared library C:\Program Files\Java\jdk-21\bin\net.dll
Event: 0.115 Loaded shared library C:\Program Files\Java\jdk-21\bin\nio.dll
Event: 0.118 Loaded shared library C:\Program Files\Java\jdk-21\bin\zip.dll
Event: 0.256 Loaded shared library C:\Program Files\Java\jdk-21\bin\extnet.dll
Event: 0.314 Loaded shared library C:\Program Files\Java\jdk-21\bin\jimage.dll
Event: 0.602 Loaded shared library C:\Program Files\Java\jdk-21\bin\management.dll
Event: 0.606 Loaded shared library C:\Program Files\Java\jdk-21\bin\management_ext.dll
Event: 1.687 Loaded shared library C:\Program Files\Java\jdk-21\bin\sunmscapi.dll

Deoptimization events (20 events):
Event: 2.542 Thread 0x000001a2799a1e10 Uncommon trap: trap_request=0xffffff45 fr.pc=0x000001a2273dc188 relative=0x0000000000000308
Event: 2.542 Thread 0x000001a2799a1e10 Uncommon trap: reason=unstable_if action=reinterpret pc=0x000001a2273dc188 method=org.springframework.beans.factory.support.AbstractBeanFactory.getMergedLocalBeanDefinition(Ljava/lang/String;)Lorg/springframework/beans/factory/support/RootBeanDefinition; 
Event: 2.542 Thread 0x000001a2799a1e10 DEOPT PACKING pc=0x000001a2273dc188 sp=0x00000077e82fe2a0
Event: 2.542 Thread 0x000001a2799a1e10 DEOPT UNPACKING pc=0x000001a226d146a2 sp=0x00000077e82fe248 mode 2
Event: 2.597 Thread 0x000001a2799a1e10 Uncommon trap: trap_request=0xffffffde fr.pc=0x000001a227348158 relative=0x0000000000000698
Event: 2.597 Thread 0x000001a2799a1e10 Uncommon trap: reason=class_check action=maybe_recompile pc=0x000001a227348158 method=java.util.regex.Matcher.search(I)Z @ 121 c2
Event: 2.597 Thread 0x000001a2799a1e10 DEOPT PACKING pc=0x000001a227348158 sp=0x00000077e82fd330
Event: 2.597 Thread 0x000001a2799a1e10 DEOPT UNPACKING pc=0x000001a226d146a2 sp=0x00000077e82fd2f0 mode 2
Event: 2.625 Thread 0x000001a2799a1e10 Uncommon trap: trap_request=0xffffff45 fr.pc=0x000001a2273e723c relative=0x000000000000059c
Event: 2.625 Thread 0x000001a2799a1e10 Uncommon trap: reason=unstable_if action=reinterpret pc=0x000001a2273e723c method=org.springframework.beans.factory.support.RootBeanDefinition.getTargetType()Ljava/lang/Class; @ 18 c2
Event: 2.625 Thread 0x000001a2799a1e10 DEOPT PACKING pc=0x000001a2273e723c sp=0x00000077e82fe470
Event: 2.625 Thread 0x000001a2799a1e10 DEOPT UNPACKING pc=0x000001a226d146a2 sp=0x00000077e82fe340 mode 2
Event: 2.625 Thread 0x000001a2799a1e10 Uncommon trap: trap_request=0xffffff45 fr.pc=0x000001a2273f2dc4 relative=0x0000000000002e04
Event: 2.625 Thread 0x000001a2799a1e10 Uncommon trap: reason=unstable_if action=reinterpret pc=0x000001a2273f2dc4 method=org.springframework.beans.factory.support.RootBeanDefinition.getTargetType()Ljava/lang/Class; @ 18 c2
Event: 2.625 Thread 0x000001a2799a1e10 DEOPT PACKING pc=0x000001a2273f2dc4 sp=0x00000077e82fe490
Event: 2.625 Thread 0x000001a2799a1e10 DEOPT UNPACKING pc=0x000001a226d146a2 sp=0x00000077e82fe2e0 mode 2
Event: 2.625 Thread 0x000001a2799a1e10 Uncommon trap: trap_request=0xffffff45 fr.pc=0x000001a2273e83d4 relative=0x00000000000002d4
Event: 2.625 Thread 0x000001a2799a1e10 Uncommon trap: reason=unstable_if action=reinterpret pc=0x000001a2273e83d4 method=org.springframework.beans.factory.support.RootBeanDefinition.getTargetType()Ljava/lang/Class; @ 18 c2
Event: 2.625 Thread 0x000001a2799a1e10 DEOPT PACKING pc=0x000001a2273e83d4 sp=0x00000077e82fe360
Event: 2.625 Thread 0x000001a2799a1e10 DEOPT UNPACKING pc=0x000001a226d146a2 sp=0x00000077e82fe2e0 mode 2

Classes loaded (20 events):
Event: 2.010 Loading class java/util/stream/Streams$ConcatSpliterator$OfRef
Event: 2.010 Loading class java/util/stream/Streams$ConcatSpliterator
Event: 2.010 Loading class java/util/stream/Streams$ConcatSpliterator done
Event: 2.010 Loading class java/util/stream/Streams$ConcatSpliterator$OfRef done
Event: 2.011 Loading class java/util/stream/Streams$2
Event: 2.011 Loading class java/util/stream/Streams$2 done
Event: 2.112 Loading class java/security/AccessControlException
Event: 2.112 Loading class java/security/AccessControlException done
Event: 2.116 Loading class java/beans/PropertyVetoException
Event: 2.116 Loading class java/beans/PropertyVetoException done
Event: 2.126 Loading class java/nio/charset/CharacterCodingException
Event: 2.126 Loading class java/nio/charset/CharacterCodingException done
Event: 2.455 Loading class java/lang/UnsupportedClassVersionError
Event: 2.455 Loading class java/lang/ClassFormatError
Event: 2.455 Loading class java/lang/ClassFormatError done
Event: 2.455 Loading class java/lang/UnsupportedClassVersionError done
Event: 2.604 Loading class java/util/stream/ReferencePipeline$15
Event: 2.605 Loading class java/util/stream/ReferencePipeline$15 done
Event: 2.605 Loading class java/util/stream/ReferencePipeline$15$1
Event: 2.605 Loading class java/util/stream/ReferencePipeline$15$1 done

Classes unloaded (0 events):
No events

Classes redefined (0 events):
No events

Internal exceptions (20 events):
Event: 1.057 Thread 0x000001a2799a1e10 Exception <a 'java/lang/NoSuchMethodError'{0x00000000916b9870}: 'int java.lang.invoke.DirectMethodHandle$Holder.invokeSpecialIFC(java.lang.Object, java.lang.Object, java.lang.Object, java.lang.Object)'> (0x00000000916b9870) 
thrown [s\open\src\hotspot\share\interpreter\linkResolver.cpp, line 773]
Event: 1.072 Thread 0x000001a2799a1e10 Exception <a 'java/lang/NoSuchMethodError'{0x0000000091561b00}: 'void java.lang.invoke.DirectMethodHandle$Holder.invokeInterface(java.lang.Object, java.lang.Object, java.lang.Object)'> (0x0000000091561b00) 
thrown [s\open\src\hotspot\share\interpreter\linkResolver.cpp, line 773]
Event: 1.088 Thread 0x000001a2799a1e10 Exception <a 'java/lang/NoSuchMethodError'{0x00000000915fc5f8}: 'void java.lang.invoke.DirectMethodHandle$Holder.invokeStaticInit(java.lang.Object, java.lang.Object, java.lang.Object)'> (0x00000000915fc5f8) 
thrown [s\open\src\hotspot\share\interpreter\linkResolver.cpp, line 773]
Event: 1.091 Thread 0x000001a2799a1e10 Exception <a 'java/lang/NoSuchMethodError'{0x00000000914330e8}: 'java.lang.Object java.lang.invoke.DirectMethodHandle$Holder.invokeStaticInit(java.lang.Object, int)'> (0x00000000914330e8) 
thrown [s\open\src\hotspot\share\interpreter\linkResolver.cpp, line 773]
Event: 1.092 Thread 0x000001a2799a1e10 Exception <a 'java/lang/NoSuchMethodError'{0x000000009143d598}: 'java.lang.Object java.lang.invoke.DirectMethodHandle$Holder.invokeStatic(java.lang.Object, int, java.lang.Object)'> (0x000000009143d598) 
thrown [s\open\src\hotspot\share\interpreter\linkResolver.cpp, line 773]
Event: 1.093 Thread 0x000001a2799a1e10 Exception <a 'java/lang/NoSuchMethodError'{0x0000000091440bf8}: 'java.lang.Object java.lang.invoke.DirectMethodHandle$Holder.invokeStaticInit(java.lang.Object, int, java.lang.Object)'> (0x0000000091440bf8) 
thrown [s\open\src\hotspot\share\interpreter\linkResolver.cpp, line 773]
Event: 1.108 Thread 0x000001a2799a1e10 Exception <a 'java/lang/NoSuchMethodError'{0x00000000914d2bc0}: 'void java.lang.invoke.DirectMethodHandle$Holder.invokeVirtual(java.lang.Object, java.lang.Object, java.lang.Object, java.lang.Object)'> (0x00000000914d2bc0) 
thrown [s\open\src\hotspot\share\interpreter\linkResolver.cpp, line 773]
Event: 1.161 Thread 0x000001a2799a1e10 Exception <a 'java/lang/NoSuchMethodError'{0x000000009110ea78}: 'java.lang.Object java.lang.invoke.Invokers$Holder.invoke_MT(java.lang.Object, java.lang.Object, java.lang.Object, java.lang.Object, java.lang.Object, java.lang.Object, java.lang.Object, java.lang.Object, java.lang.Object)'> (0x000000009110ea78) 
thrown [s\open\src\hotspot\share\interpreter\linkResolver.cpp, line 773]
Event: 1.164 Thread 0x000001a2799a1e10 Exception <a 'java/lang/NoSuchMethodError'{0x000000009117a740}: 'java.lang.reflect.Field[] java.lang.Class.getDeclaredFields(java.lang.Class)'> (0x000000009117a740) 
thrown [s\open\src\hotspot\share\interpreter\linkResolver.cpp, line 773]
Event: 1.174 Thread 0x000001a2799a1e10 Exception <a 'java/lang/IncompatibleClassChangeError'{0x00000000910112d0}: Found class java.lang.Object, but interface was expected> (0x00000000910112d0) 
thrown [s\open\src\hotspot\share\interpreter\linkResolver.cpp, line 840]
Event: 1.386 Thread 0x000001a2799a1e10 Exception <a 'java/lang/NoSuchMethodError'{0x0000000091a4e5b8}: 'java.lang.Object java.lang.invoke.DirectMethodHandle$Holder.invokeVirtual(java.lang.Object, java.lang.Object, java.lang.Object)'> (0x0000000091a4e5b8) 
thrown [s\open\src\hotspot\share\interpreter\linkResolver.cpp, line 773]
Event: 1.391 Thread 0x000001a2799a1e10 Exception <a 'java/lang/NoSuchMethodError'{0x0000000091a686b8}: 'int java.lang.invoke.DirectMethodHandle$Holder.invokeSpecial(java.lang.Object, java.lang.Object, java.lang.Object, java.lang.Object, java.lang.Object)'> (0x0000000091a686b8) 
thrown [s\open\src\hotspot\share\interpreter\linkResolver.cpp, line 773]
Event: 1.393 Thread 0x000001a2799a1e10 Exception <a 'java/lang/NoSuchMethodError'{0x0000000091a70a98}: 'void java.lang.invoke.DirectMethodHandle$Holder.invokeVirtual(java.lang.Object, java.lang.Object)'> (0x0000000091a70a98) 
thrown [s\open\src\hotspot\share\interpreter\linkResolver.cpp, line 773]
Event: 1.619 Thread 0x000001a279db4a70 Exception <a 'java/lang/NoSuchMethodError'{0x00000000909a4e28}: 'long java.lang.invoke.DirectMethodHandle$Holder.invokeSpecial(java.lang.Object, java.lang.Object)'> (0x00000000909a4e28) 
thrown [s\open\src\hotspot\share\interpreter\linkResolver.cpp, line 773]
Event: 1.620 Thread 0x000001a279db4a70 Exception <a 'java/lang/NoSuchMethodError'{0x00000000909b2f00}: 'long java.lang.invoke.DirectMethodHandle$Holder.invokeStatic(java.lang.Object, java.lang.Object)'> (0x00000000909b2f00) 
thrown [s\open\src\hotspot\share\interpreter\linkResolver.cpp, line 773]
Event: 1.621 Thread 0x000001a279db4a70 Exception <a 'java/lang/NoSuchMethodError'{0x00000000909b5fc8}: 'long java.lang.invoke.DirectMethodHandle$Holder.invokeStaticInit(java.lang.Object, java.lang.Object)'> (0x00000000909b5fc8) 
thrown [s\open\src\hotspot\share\interpreter\linkResolver.cpp, line 773]
Event: 1.622 Thread 0x000001a279db4a70 Exception <a 'java/lang/NoSuchMethodError'{0x00000000909c1eb8}: 'long java.lang.invoke.DirectMethodHandle$Holder.invokeInterface(java.lang.Object, java.lang.Object)'> (0x00000000909c1eb8) 
thrown [s\open\src\hotspot\share\interpreter\linkResolver.cpp, line 773]
Event: 1.622 Thread 0x000001a279db4a70 Exception <a 'java/lang/IncompatibleClassChangeError'{0x00000000909c4ec8}: Found class java.lang.Object, but interface was expected> (0x00000000909c4ec8) 
thrown [s\open\src\hotspot\share\interpreter\linkResolver.cpp, line 840]
Event: 1.624 Thread 0x000001a279db4a70 Exception <a 'java/lang/NoSuchMethodError'{0x00000000909dce90}: 'java.lang.Object java.lang.invoke.DirectMethodHandle$Holder.invokeVirtual(java.lang.Object, java.lang.Object, java.lang.Object, java.lang.Object)'> (0x00000000909dce90) 
thrown [s\open\src\hotspot\share\interpreter\linkResolver.cpp, line 773]
Event: 1.947 Thread 0x000001a2799a1e10 Exception <a 'java/lang/IncompatibleClassChangeError'{0x0000000091e8c538}: Found class java.lang.Object, but interface was expected> (0x0000000091e8c538) 
thrown [s\open\src\hotspot\share\interpreter\linkResolver.cpp, line 840]

ZGC Phase Switch (0 events):
No events

VM Operations (20 events):
Event: 2.113 Executing VM operation: HandshakeAllThreads (Deoptimize)
Event: 2.113 Executing VM operation: HandshakeAllThreads (Deoptimize) done
Event: 2.181 Executing VM operation: ICBufferFull
Event: 2.182 Executing VM operation: ICBufferFull done
Event: 2.408 Executing VM operation: G1CollectForAllocation (G1 Evacuation Pause)
Event: 2.413 Executing VM operation: G1CollectForAllocation (G1 Evacuation Pause) done
Event: 2.540 Executing VM operation: HandshakeAllThreads (Deoptimize)
Event: 2.540 Executing VM operation: HandshakeAllThreads (Deoptimize) done
Event: 2.540 Executing VM operation: HandshakeAllThreads (Deoptimize)
Event: 2.540 Executing VM operation: HandshakeAllThreads (Deoptimize) done
Event: 2.545 Executing VM operation: HandshakeAllThreads (Deoptimize)
Event: 2.545 Executing VM operation: HandshakeAllThreads (Deoptimize) done
Event: 2.546 Executing VM operation: HandshakeAllThreads (Deoptimize)
Event: 2.546 Executing VM operation: HandshakeAllThreads (Deoptimize) done
Event: 2.609 Executing VM operation: HandshakeAllThreads (Deoptimize)
Event: 2.609 Executing VM operation: HandshakeAllThreads (Deoptimize) done
Event: 2.629 Executing VM operation: ICBufferFull
Event: 2.629 Executing VM operation: ICBufferFull done
Event: 2.649 Executing VM operation: HandshakeAllThreads (Deoptimize)
Event: 2.649 Executing VM operation: HandshakeAllThreads (Deoptimize) done

Events (20 events):
Event: 0.038 Thread 0x000001a233e25670 Thread added: 0x000001a233e25670
Event: 0.038 Thread 0x000001a233e26540 Thread added: 0x000001a233e26540
Event: 0.038 Thread 0x000001a233e26cd0 Thread added: 0x000001a233e26cd0
Event: 0.038 Thread 0x000001a233e2daf0 Thread added: 0x000001a233e2daf0
Event: 0.038 Thread 0x000001a233e31c10 Thread added: 0x000001a233e31c10
Event: 0.038 Thread 0x000001a233e3afc0 Thread added: 0x000001a233e3afc0
Event: 0.038 Thread 0x000001a233e3d8d0 Thread added: 0x000001a233e3d8d0
Event: 0.086 Thread 0x000001a233defa70 Thread added: 0x000001a233defa70
Event: 0.143 Thread 0x000001a27922d7b0 Thread added: 0x000001a27922d7b0
Event: 0.245 Thread 0x000001a2793fc5c0 Thread added: 0x000001a2793fc5c0
Event: 0.245 Thread 0x000001a2795762f0 Thread added: 0x000001a2795762f0
Event: 0.650 Thread 0x000001a279778c00 Thread added: 0x000001a279778c00
Event: 0.656 Thread 0x000001a2799a1e10 Thread added: 0x000001a2799a1e10
Event: 1.031 Thread 0x000001a27922d7b0 Thread exited: 0x000001a27922d7b0
Event: 1.159 Thread 0x000001a279db4a70 Thread added: 0x000001a279db4a70
Event: 1.387 Thread 0x000001a27a1d3bd0 Thread added: 0x000001a27a1d3bd0
Event: 1.479 Thread 0x000001a27b222390 Thread added: 0x000001a27b222390
Event: 1.708 Thread 0x000001a279db4a70 Thread exited: 0x000001a279db4a70
Event: 1.853 Thread 0x000001a27abf94d0 Thread added: 0x000001a27abf94d0
Event: 1.935 Thread 0x000001a27abf94d0 Thread exited: 0x000001a27abf94d0


Dynamic libraries:
0x00007ff620920000 - 0x00007ff620930000 	C:\Program Files\Java\jdk-21\bin\java.exe
0x00007ffd96fa0000 - 0x00007ffd97207000 	C:\WINDOWS\SYSTEM32\ntdll.dll
0x00007ffd95120000 - 0x00007ffd951e9000 	C:\WINDOWS\System32\KERNEL32.DLL
0x00007ffd945e0000 - 0x00007ffd949cf000 	C:\WINDOWS\System32\KERNELBASE.dll
0x00007ffd94b10000 - 0x00007ffd94c5b000 	C:\WINDOWS\System32\ucrtbase.dll
0x00007ffd83b70000 - 0x00007ffd83b89000 	C:\Program Files\Java\jdk-21\bin\jli.dll
0x00007ffd841f0000 - 0x00007ffd8420b000 	C:\Program Files\Java\jdk-21\bin\VCRUNTIME140.dll
0x00007ffd96200000 - 0x00007ffd962b4000 	C:\WINDOWS\System32\ADVAPI32.dll
0x00007ffd94f00000 - 0x00007ffd94fa9000 	C:\WINDOWS\System32\msvcrt.dll
0x00007ffd95610000 - 0x00007ffd956b6000 	C:\WINDOWS\System32\sechost.dll
0x00007ffd95470000 - 0x00007ffd95588000 	C:\WINDOWS\System32\RPCRT4.dll
0x00007ffd956c0000 - 0x00007ffd95885000 	C:\WINDOWS\System32\USER32.dll
0x00007ffd931f0000 - 0x00007ffd93483000 	C:\WINDOWS\WinSxS\amd64_microsoft.windows.common-controls_6595b64144ccf1df_6.0.26100.7309_none_3e05feeae336a044\COMCTL32.dll
0x00007ffd94c60000 - 0x00007ffd94c87000 	C:\WINDOWS\System32\win32u.dll
0x00007ffd96580000 - 0x00007ffd965ab000 	C:\WINDOWS\System32\GDI32.dll
0x00007ffd949e0000 - 0x00007ffd94b0c000 	C:\WINDOWS\System32\gdi32full.dll
0x00007ffd94c90000 - 0x00007ffd94d33000 	C:\WINDOWS\System32\msvcp_win.dll
0x00007ffd8d2d0000 - 0x00007ffd8d2db000 	C:\WINDOWS\SYSTEM32\VERSION.dll
0x00007ffd95350000 - 0x00007ffd95381000 	C:\WINDOWS\System32\IMM32.DLL
0x00007ffd84040000 - 0x00007ffd8404c000 	C:\Program Files\Java\jdk-21\bin\vcruntime140_1.dll
0x00007ffd7f0b0000 - 0x00007ffd7f13e000 	C:\Program Files\Java\jdk-21\bin\msvcp140.dll
0x00007ffd43f20000 - 0x00007ffd44c3d000 	C:\Program Files\Java\jdk-21\bin\server\jvm.dll
0x00007ffd95210000 - 0x00007ffd95284000 	C:\WINDOWS\System32\WS2_32.dll
0x00007ffd93f50000 - 0x00007ffd93fae000 	C:\WINDOWS\SYSTEM32\POWRPROF.dll
0x00007ffd8c3a0000 - 0x00007ffd8c3d5000 	C:\WINDOWS\SYSTEM32\WINMM.dll
0x00007ffd93f30000 - 0x00007ffd93f44000 	C:\WINDOWS\SYSTEM32\UMPDC.dll
0x00007ffd92780000 - 0x00007ffd9279b000 	C:\WINDOWS\SYSTEM32\kernel.appcore.dll
0x00007ffd83bc0000 - 0x00007ffd83bca000 	C:\Program Files\Java\jdk-21\bin\jimage.dll
0x00007ffd938a0000 - 0x00007ffd93ae2000 	C:\WINDOWS\SYSTEM32\DBGHELP.DLL
0x00007ffd96740000 - 0x00007ffd96ac5000 	C:\WINDOWS\System32\combase.dll
0x00007ffd95390000 - 0x00007ffd95466000 	C:\WINDOWS\System32\OLEAUT32.dll
0x00007ffd93790000 - 0x00007ffd937cc000 	C:\WINDOWS\SYSTEM32\dbgcore.DLL
0x00007ffd94470000 - 0x00007ffd94515000 	C:\WINDOWS\System32\bcryptPrimitives.dll
0x00007ffd83370000 - 0x00007ffd8337f000 	C:\Program Files\Java\jdk-21\bin\instrument.dll
0x00007ffd7ece0000 - 0x00007ffd7ecff000 	C:\Program Files\Java\jdk-21\bin\java.dll
0x00007ffd95890000 - 0x00007ffd95fe3000 	C:\WINDOWS\System32\SHELL32.dll
0x00007ffd94180000 - 0x00007ffd942ea000 	C:\WINDOWS\System32\wintypes.dll
0x00007ffd91610000 - 0x00007ffd91e6e000 	C:\WINDOWS\SYSTEM32\windows.storage.dll
0x00007ffd94d40000 - 0x00007ffd94e35000 	C:\WINDOWS\System32\SHCORE.dll
0x00007ffd96190000 - 0x00007ffd961f6000 	C:\WINDOWS\System32\shlwapi.dll
0x00007ffd94010000 - 0x00007ffd94039000 	C:\WINDOWS\SYSTEM32\profapi.dll
0x00007ffd49700000 - 0x00007ffd497d7000 	C:\Program Files\Java\jdk-21\bin\jsvml.dll
0x00007ffd73640000 - 0x00007ffd73658000 	C:\Program Files\Java\jdk-21\bin\zip.dll
0x00007ffd83b60000 - 0x00007ffd83b70000 	C:\Program Files\Java\jdk-21\bin\net.dll
0x00007ffd8bfc0000 - 0x00007ffd8c0e8000 	C:\WINDOWS\SYSTEM32\WINHTTP.dll
0x00007ffd92cb0000 - 0x00007ffd92d1b000 	C:\WINDOWS\system32\mswsock.dll
0x00007ffd7a280000 - 0x00007ffd7a296000 	C:\Program Files\Java\jdk-21\bin\nio.dll
0x00007ffd7f220000 - 0x00007ffd7f229000 	C:\Program Files\Java\jdk-21\bin\extnet.dll
0x00007ffd7f160000 - 0x00007ffd7f16a000 	C:\Program Files\Java\jdk-21\bin\management.dll
0x00007ffd7f0a0000 - 0x00007ffd7f0ab000 	C:\Program Files\Java\jdk-21\bin\management_ext.dll
0x00007ffd955f0000 - 0x00007ffd955f8000 	C:\WINDOWS\System32\PSAPI.DLL
0x00007ffd7f2a0000 - 0x00007ffd7f2ae000 	C:\Program Files\Java\jdk-21\bin\sunmscapi.dll
0x00007ffd942f0000 - 0x00007ffd94467000 	C:\WINDOWS\System32\CRYPT32.dll
0x00007ffd931b0000 - 0x00007ffd931e0000 	C:\WINDOWS\SYSTEM32\ncrypt.dll
0x00007ffd93160000 - 0x00007ffd9319f000 	C:\WINDOWS\SYSTEM32\NTASN1.dll

dbghelp: loaded successfully - version: 4.0.5 - missing functions: none
symbol engine: initialized successfully - sym options: 0x614 - pdb path: .;C:\Program Files\Java\jdk-21\bin;C:\WINDOWS\SYSTEM32;C:\WINDOWS\WinSxS\amd64_microsoft.windows.common-controls_6595b64144ccf1df_6.0.26100.7309_none_3e05feeae336a044;C:\Program Files\Java\jdk-21\bin\server

VM Arguments:
jvm_args: -javaagent:C:\Program Files\JetBrains\IntelliJ IDEA 2025.2.4\lib\idea_rt.jar=50557 -Dfile.encoding=UTF-8 -Dsun.stdout.encoding=UTF-8 -Dsun.stderr.encoding=UTF-8 
java_command: com.cartotal.BackendProy.BackendProyApplication
java_class_path (initial): D:\Tareas\6to Ciclo\Integrador 3 Proyecto\BackendProy\target\classes;C:\Users\mi pc\.m2\repository\org\springframework\boot\spring-boot-starter-data-jpa\3.5.7\spring-boot-starter-data-jpa-3.5.7.jar;C:\Users\mi pc\.m2\repository\org\springframework\boot\spring-boot-starter\3.5.7\spring-boot-starter-3.5.7.jar;C:\Users\mi pc\.m2\repository\org\springframework\boot\spring-boot-starter-logging\3.5.7\spring-boot-starter-logging-3.5.7.jar;C:\Users\mi pc\.m2\repository\ch\qos\logback\logback-classic\1.5.20\logback-classic-1.5.20.jar;C:\Users\mi pc\.m2\repository\ch\qos\logback\logback-core\1.5.20\logback-core-1.5.20.jar;C:\Users\mi pc\.m2\repository\org\apache\logging\log4j\log4j-to-slf4j\2.24.3\log4j-to-slf4j-2.24.3.jar;C:\Users\mi pc\.m2\repository\org\apache\logging\log4j\log4j-api\2.24.3\log4j-api-2.24.3.jar;C:\Users\mi pc\.m2\repository\org\slf4j\jul-to-slf4j\2.0.17\jul-to-slf4j-2.0.17.jar;C:\Users\mi pc\.m2\repository\jakarta\annotation\jakarta.annotation-api\2.1.1\jakarta.annotation-api-2.1.1.jar;C:\Users\mi pc\.m2\repository\org\yaml\snakeyaml\2.4\snakeyaml-2.4.jar;C:\Users\mi pc\.m2\repository\org\springframework\boot\spring-boot-starter-jdbc\3.5.7\spring-boot-starter-jdbc-3.5.7.jar;C:\Users\mi pc\.m2\repository\com\zaxxer\HikariCP\6.3.3\HikariCP-6.3.3.jar;C:\Users\mi pc\.m2\repository\org\springframework\spring-jdbc\6.2.12\spring-jdbc-6.2.12.jar;C:\Users\mi pc\.m2\repository\org\hibernate\orm\hibernate-core\6.6.33.Final\hibernate-core-6.6.33.Final.jar;C:\Users\mi pc\.m2\repository\jakarta\persistence\jakarta.persistence-api\3.1.0\jakarta.persistence-api-3.1.0.jar;C:\Users\mi pc\.m2\repository\jakarta\transaction\jakarta.transaction-api\2.0.1\jakarta.transaction-api-2.0.1.jar;C:\Users\mi pc\.m2\repository\org\jboss\logging\jboss-logging\3.6.1.Final\jboss-logging-3.6.1.Final.jar;C:\Users\mi pc\.m2\repository\org\hibernate\common\hibernate-commons-annotations\7.0.3.Final\hibernate-commons-annotations-7.0.3.Final.jar;C:\Users\mi pc\.m2\repository\io\smallrye\jandex\3.2.0\jandex-3.2.0.jar;C:\Users\mi pc\.m2\repository\com\fasterxml\classmate\1.7.1\classmate-1.7.1.jar;C:\Users\mi pc\.m2\repository\net\bytebuddy\byte-buddy\1.17.8\byte-buddy-1.17.8.jar;C:\Users\mi pc\.m2\repository\org\glassfish\jaxb\jaxb-runtime\4.0.6\jaxb-runtime-4.0.6.jar;C:\Users\mi pc\.m2\repository\org\glassfish\jaxb\jaxb-core\4.0.6\jaxb-core-4.0.6.jar;C:\Users\mi pc\.m2\repository\org\eclipse\angus\angus-activation\2.0.3\angus-activation-2.0.3.jar;C:\Users\mi pc\.m2\repository\org\glassfish\jaxb\txw2\4.0.6\txw2-4.0.6.jar;C:\Users\mi pc\.m2\repository\com\sun\istack\istack-commons-runtime\4.1.2\istack-commons-runtime-4.1.2.jar;C:\Users\mi pc\.m2\repository\jakarta\inject\jakarta.inject-api\2.0.1\jakarta.inject-api-2.0.1.jar;C:\Users\mi pc\.m2\repository\org\antlr\antlr4-runtime\4.13.0\antlr4-runtime-4.13.0.jar;C:\Users\mi pc\.m2\repository\org\springframework\data\spring-data-jpa\3.5.5\spring-data-jpa-3.5.5.jar;C:\Users\mi pc\.m2\repository\org\springframework\data\spring-data-commons\3.5.5\spring-data-commons-3.5.5.jar;C:\Users\mi pc\.m2\repository\org\springframework\spring-orm\6.2.12\spring-orm-6.2.12.jar;C:\Users\mi pc\.m2\repository\org\springframework\spring-context\6.2.12\spring-context-6.2.12.jar;C:\Users\mi pc\.m2\repository\org\springframework\spring-tx\6.2.12\spring-tx-6.2.12.jar;C:\Users\mi pc\.m2\repository\org\springframework\spring-beans\6.2.12\spring-beans-6.2.12.jar;C:\Users\mi pc\.m2\repository\org\slf4j\slf4j-api\2.0.17\slf4j-api-2.0.17.jar;C:\Users\mi pc\.m2\repository\org\springframework\spring-aspects\6.2.12\spring-aspects-6.2.12.jar;C:\Users\mi pc\.m2\repository\org\aspectj\aspectjweaver\1.9.24\aspectjweaver-1.9.24.jar;C:\Users\mi pc\.m2\repository\org\springframework\boot\spring-boot-starter-security\3.5.7\spring-boot-starter-security-3.5.7.jar;C:\Users\mi pc\.m2\repository\org\springframework\spring-aop\6.2.12\spring-aop-6.2.12.jar;C:\Users\mi pc\.m2\repository\org\springframework\security\spring-security-config\6.5.6\spring-security-config-6.5.6.jar;C:\Users\mi pc\.m2\repository\org\springframework\security\spring-security-web\6.5.6\spring-security-web-6.5.6.jar;C:\Users\mi pc\.m2\repository\org\springframework\spring-expression\6.2.12\spring-expression-6.2.12.jar;C:\Users\mi pc\.m2\repository\org\springframework\boot\spring-boot-starter-validation\3.5.7\spring-boot-starter-validation-3.5.7.jar;C:\Users\mi pc\.m2\repository\org\apache\tomcat\embed\tomcat-embed-el\10.1.48\tomcat-embed-el-10.1.48.jar;C:\Users\mi pc\.m2\repository\org\hibernate\validator\hibernate-validator\8.0.3.Final\hibernate-validator-8.0.3.Final.jar;C:\Users\mi pc\.m2\repository\jakarta\validation\jakarta.validation-api\3.0.2\jakarta.validation-api-3.0.2.jar;C:\Users\mi pc\.m2\repository\org\springframework\boot\spring-boot-starter-web\3.5.7\spring-boot-starter-web-3.5.7.jar;C:\Users\mi pc\.m2\repository\org\springframework\boot\spring-boot-starter-json\3.5.7\spring-boot-starter-json-3.5.7.jar;C:\Users\mi pc\.m2\repository\com\fasterxml\jackson\core\jackson-databind\2.19.2\jackson-databind-2.19.2.jar;C:\Users\mi pc\.m2\repository\com\fasterxml\jackson\core\jackson-annotations\2.19.2\jackson-annotations-2.19.2.jar;C:\Users\mi pc\.m2\repository\com\fasterxml\jackson\core\jackson-core\2.19.2\jackson-core-2.19.2.jar;C:\Users\mi pc\.m2\repository\com\fasterxml\jackson\datatype\jackson-datatype-jdk8\2.19.2\jackson-datatype-jdk8-2.19.2.jar;C:\Users\mi pc\.m2\repository\com\fasterxml\jackson\datatype\jackson-datatype-jsr310\2.19.2\jackson-datatype-jsr310-2.19.2.jar;C:\Users\mi pc\.m2\repository\com\fasterxml\jackson\module\jackson-module-parameter-names\2.19.2\jackson-module-parameter-names-2.19.2.jar;C:\Users\mi pc\.m2\repository\org\springframework\boot\spring-boot-starter-tomcat\3.5.7\spring-boot-starter-tomcat-3.5.7.jar;C:\Users\mi pc\.m2\repository\org\apache\tomcat\embed\tomcat-embed-core\10.1.48\tomcat-embed-core-10.1.48.jar;C:\Users\mi pc\.m2\repository\org\apache\tomcat\embed\tomcat-embed-websocket\10.1.48\tomcat-embed-websocket-10.1.48.jar;C:\Users\mi pc\.m2\repository\org\springframework\spring-web\6.2.12\spring-web-6.2.12.jar;C:\Users\mi pc\.m2\repository\io\micrometer\micrometer-observation\1.15.5\micrometer-observation-1.15.5.jar;C:\Users\mi pc\.m2\repository\io\micrometer\micrometer-commons\1.15.5\micrometer-commons-1.15.5.jar;C:\Users\mi pc\.m2\repository\org\springframework\spring-webmvc\6.2.12\spring-webmvc-6.2.12.jar;C:\Users\mi pc\.m2\repository\org\springframework\boot\spring-boot-devtools\3.5.7\spring-boot-devtools-3.5.7.jar;C:\Users\mi pc\.m2\repository\org\springframework\boot\spring-boot\3.5.7\spring-boot-3.5.7.jar;C:\Users\mi pc\.m2\repository\org\springframework\boot\spring-boot-autoconfigure\3.5.7\spring-boot-autoconfigure-3.5.7.jar;C:\Users\mi pc\.m2\repository\org\postgresql\postgresql\42.7.4\postgresql-42.7.4.jar;C:\Users\mi pc\.m2\repository\org\checkerframework\checker-qual\3.42.0\checker-qual-3.42.0.jar;C:\Users\mi pc\.m2\repository\org\projectlombok\lombok\1.18.42\lombok-1.18.42.jar;C:\Users\mi pc\.m2\repository\jakarta\xml\bind\jakarta.xml.bind-api\4.0.4\jakarta.xml.bind-api-4.0.4.jar;C:\Users\mi pc\.m2\repository\jakarta\activation\jakarta.activation-api\2.1.4\jakarta.activation-api-2.1.4.jar;C:\Users\mi pc\.m2\repository\org\springframework\spring-core\6.2.12\spring-core-6.2.12.jar;C:\Users\mi pc\.m2\repository\org\springframework\spring-jcl\6.2.12\spring-jcl-6.2.12.jar;C:\Users\mi pc\.m2\repository\org\springframework\security\spring-security-core\6.5.6\spring-security-core-6.5.6.jar;C:\Users\mi pc\.m2\repository\org\springframework\security\spring-security-crypto\6.5.6\spring-security-crypto-6.5.6.jar
Launcher Type: SUN_STANDARD

[Global flags]
     intx CICompilerCount                          = 4                                         {product} {ergonomic}
     uint ConcGCThreads                            = 3                                         {product} {ergonomic}
     uint G1ConcRefinementThreads                  = 10                                        {product} {ergonomic}
   size_t G1HeapRegionSize                         = 1048576                                   {product} {ergonomic}
    uintx GCDrainStackTargetSize                   = 64                                        {product} {ergonomic}
   size_t InitialHeapSize                          = 123731968                                 {product} {ergonomic}
   size_t MarkStackSize                            = 4194304                                   {product} {ergonomic}
   size_t MaxHeapSize                              = 1969225728                                {product} {ergonomic}
   size_t MaxNewSize                               = 1180696576                                {product} {ergonomic}
   size_t MinHeapDeltaBytes                        = 1048576                                   {product} {ergonomic}
   size_t MinHeapSize                              = 8388608                                   {product} {ergonomic}
    uintx NonNMethodCodeHeapSize                   = 5839372                                {pd product} {ergonomic}
    uintx NonProfiledCodeHeapSize                  = 122909434                              {pd product} {ergonomic}
    uintx ProfiledCodeHeapSize                     = 122909434                              {pd product} {ergonomic}
    uintx ReservedCodeCacheSize                    = 251658240                              {pd product} {ergonomic}
     bool SegmentedCodeCache                       = true                                      {product} {ergonomic}
   size_t SoftMaxHeapSize                          = 1969225728                             {manageable} {ergonomic}
     bool UseCompressedOops                        = true                           {product lp64_product} {ergonomic}
     bool UseG1GC                                  = true                                      {product} {ergonomic}
     bool UseLargePagesIndividualAllocation        = false                                  {pd product} {ergonomic}

Logging:
Log output configuration:
 #0: stdout all=warning uptime,level,tags foldmultilines=false
 #1: stderr all=off uptime,level,tags foldmultilines=false

Environment Variables:
PATH=C:\Program Files (x86)\Common Files\Oracle\Java\javapath;C:\Program Files\Common Files\Oracle\Java\javapath;C:\WINDOWS\system32;C:\WINDOWS;C:\WINDOWS\System32\Wbem;C:\WINDOWS\System32\WindowsPowerShell\v1.0\;C:\WINDOWS\System32\OpenSSH\;C:\Program Files\Microsoft SQL Server\150\Tools\Binn\;C:\Program Files\Microsoft SQL Server\Client SDK\ODBC\170\Tools\Binn\;C:\Program Files\Git\cmd;C:\Program Files (x86)\Microsoft SQL Server\160\Tools\Binn\;C:\Program Files\Microsoft SQL Server\160\Tools\Binn\;C:\Program Files\Microsoft SQL Server\160\DTS\Binn\;C:\Program Files\dotnet\;C:\Program Files\Microsoft SQL Server\130\DTS\Binn\;C:\Program Files\Microsoft SQL Server\140\DTS\Binn\;C:\Program Files\Microsoft SQL Server\150\DTS\Binn\;C:\Program Files\Microsoft SQL Server\170\DTS\Binn\;C:\Program Files\nodejs\;C:\Users\mi pc\AppData\Local\Microsoft\WindowsApps;C:\Users\mi pc\AppData\Local\Programs\Microsoft VS Code\bin;C:\Users\mi pc\.dotnet\tools;C:\Users\mi pc\AppData\Roaming\npm
USERNAME=mi pc
OS=Windows_NT
PROCESSOR_IDENTIFIER=AMD64 Family 23 Model 96 Stepping 1, AuthenticAMD
TMP=C:\Users\MIPC~1\AppData\Local\Temp
TEMP=C:\Users\MIPC~1\AppData\Local\Temp




Periodic native trim disabled

---------------  S Y S T E M  ---------------

OS:
 Windows 11 , 64 bit Build 26100 (10.0.26100.7309)
OS uptime: 0 days 6:06 hours

CPU: total 12 (initial active 12) (12 cores per cpu, 2 threads per core) family 23 model 96 stepping 1 microcode 0x8600104, cx8, cmov, fxsr, ht, mmx, 3dnowpref, sse, sse2, sse3, ssse3, sse4a, sse4.1, sse4.2, popcnt, lzcnt, tsc, tscinvbit, avx, avx2, aes, clmul, bmi1, bmi2, adx, sha, fma, vzeroupper, clflush, clflushopt, rdtscp, rdpid, f16c
Processor Information for all 12 processors :
  Max Mhz: 3701, Current Mhz: 3701, Mhz Limit: 3701

Memory: 4k page, system-wide physical 7511M (1005M free)
TotalPageFile size 15703M (AvailPageFile size 5477M)
current process WorkingSet (physical memory assigned to process): 166M, peak: 167M
current process commit charge ("private bytes"): 213M, peak: 267M

vm_info: Java HotSpot(TM) 64-Bit Server VM (21.0.8+12-LTS-250) for windows-amd64 JRE (21.0.8+12-LTS-250), built on 2025-06-27T08:11:22Z by "mach5one" with MS VC++ 17.6 (VS2022)

END.
